Calculating task graph as configuration cache cannot be reused because output of the external process 'git' has changed.

> Configure project :
You might want to check out './gradlew :faq' if your build fails.
Build script update from 2.0.20 to 2.0.24 available! Run ./gradlew updateBuildScript

> Task :extractDependencyATs SKIPPED
> Task :downloadFernflower SKIPPED
> Task :downloadVanillaJars SKIPPED
> Task :generateForgeSrgMappings SKIPPED
> Task :injectTags UP-TO-DATE
> Task :processApiResources NO-SOURCE
> Task :processMcLauncherResources NO-SOURCE
> Task :extractNatives2 UP-TO-DATE
> Task :processInjectedInterfacesResources NO-SOURCE
> Task :processInjectedTagsResources NO-SOURCE
> Task :compileInjectedInterfacesJava NO-SOURCE
> Task :injectedInterfacesClasses UP-TO-DATE
> Task :compileInjectedTagsJava UP-TO-DATE
> Task :createMcLauncherFiles UP-TO-DATE
> Task :injectedTagsClasses UP-TO-DATE
> Task :compileMcLauncherJava UP-TO-DATE
> Task :mcLauncherClasses UP-TO-DATE
> Task :mergeVanillaSidedJars SKIPPED
> Task :deobfuscateMergedJarToSrg SKIPPED
> Task :decompileSrgJar SKIPPED
> Task :cleanupDecompSrgJar SKIPPED
> Task :patchDecompiledJar SKIPPED
> Task :applyJST SKIPPED
> Task :remapDecompiledJar SKIPPED
> Task :decompressDecompiledSources UP-TO-DATE
> Task :processPatchedMcResources UP-TO-DATE
> Task :compilePatchedMcJava UP-TO-DATE
> Task :patchedMcClasses UP-TO-DATE
> Task :compileApiJava NO-SOURCE
> Task :apiClasses UP-TO-DATE

> Task :compileJava
Jabel: initialized

> Task :compileJava FAILED

[Incubating] Problems report is available at: file:///I:/p1/build/reports/problems/problems-report.html
9 actionable tasks: 1 executed, 8 up-to-date
Configuration cache entry stored.
